starting benchmark...
spawning thread #0: 16 total client(s). Timing-based test with 0s of warm-up time and 12s of main duration for measurements.
spawning thread #1: 16 total client(s). Timing-based test with 0s of warm-up time and 12s of main duration for measurements.
spawning thread #2: 16 total client(s). Timing-based test with 0s of warm-up time and 12s of main duration for measurements.
spawning thread #3: 16 total client(s). Timing-based test with 0s of warm-up time and 12s of main duration for measurements.
Warm-up started for thread #1.
Warm-up started for thread #2.
Warm-up started for thread #0.
progress: 6% of clients started
progress: 12% of clients started
Warm-up started for thread #3.
progress: 18% of clients started
progress: 25% of clients started
progress: 31% of clients started
progress: 37% of clients started
progress: 43% of clients started
progress: 50% of clients started
progress: 56% of clients started
progress: 62% of clients started
progress: 68% of clients started
progress: 75% of clients started
progress: 81% of clients started
progress: 87% of clients started
Warm-up phase is over for thread #1.
Main benchmark duration is started for thread #1.
progress: 93% of clients started
progress: 100% of clients started
Warm-up phase is over for thread #0.
Main benchmark duration is started for thread #0.
Application protocol: http/1.1
Warm-up phase is over for thread #2.
Main benchmark duration is started for thread #2.
Warm-up phase is over for thread #3.
Main benchmark duration is started for thread #3.
Main benchmark duration is over for thread #1. Stopping all clients.
Stopped all clients for thread #1
Main benchmark duration is over for thread #0. Stopping all clients.
Stopped all clients for thread #0
Main benchmark duration is over for thread #2. Stopping all clients.
Stopped all clients for thread #2
Main benchmark duration is over for thread #3. Stopping all clients.
Stopped all clients for thread #3

finished in 12.04s, 16677.92 req/s, 1.27MB/s
requests: 200135 total, 200199 started, 200135 done, 200135 succeeded, 0 failed, 0 errored, 0 timeout
status codes: 200135 2xx, 0 3xx, 0 4xx, 0 5xx
traffic: 15.27MB (16010800) total, 9.16MB (9606480) headers (space savings 0.00%), 977.22KB (1000675) data
                     min         max         mean         sd        +/- sd
time for request:       25us     30.45ms       325us       448us    98.83%
time for connect:        1us       120us        37us        30us    78.13%
time to 1st byte:      374us     30.45ms     21.13ms     11.49ms    75.00%
req/s           :    2266.44     5665.39     3068.72      983.93    87.50%
