starting benchmark...
spawning thread #0: 8 total client(s). Timing-based test with 0s of warm-up time and 14s of main duration for measurements.
spawning thread #1: 8 total client(s). Timing-based test with 0s of warm-up time and 14s of main duration for measurements.
Warm-up started for thread #0.
Warm-up started for thread #1.
progress: 12% of clients started
progress: 25% of clients started
progress: 37% of clients started
progress: 50% of clients started
progress: 62% of clients started
progress: 75% of clients started
progress: 87% of clients started
progress: 100% of clients started
Warm-up phase is over for thread #0.
Main benchmark duration is started for thread #0.
Application protocol: http/1.1
Warm-up phase is over for thread #1.
Main benchmark duration is started for thread #1.
Main benchmark duration is over for thread #1. Stopping all clients.
Stopped all clients for thread #1
Main benchmark duration is over for thread #0. Stopping all clients.
Stopped all clients for thread #0

finished in 14.02s, 1.14 req/s, 91B/s
requests: 16 total, 32 started, 16 done, 16 succeeded, 0 failed, 0 errored, 0 timeout
status codes: 16 2xx, 0 3xx, 0 4xx, 0 5xx
traffic: 1.25KB (1280) total, 768B (768) headers (space savings 0.00%), 80B (80) data
                     min         max         mean         sd        +/- sd
time for request:    30.48ms     31.17ms     30.79ms       315us    62.50%
time for connect:        2us       102us        49us        22us    75.00%
time to 1st byte:    30.52ms     31.26ms     30.84ms       319us    56.25%
req/s           :      31.62       32.19       31.93        0.22    56.25%
