starting benchmark...
spawning thread #0: 16 total client(s). Timing-based test with 0s of warm-up time and 22s of main duration for measurements.
spawning thread #1: 16 total client(s). Timing-based test with 0s of warm-up time and 22s of main duration for measurements.
Warm-up started for thread #1.
Warm-up started for thread #0.
progress: 6% of clients started
progress: 12% of clients started
progress: 18% of clients started
progress: 25% of clients started
progress: 31% of clients started
progress: 37% of clients started
progress: 43% of clients started
progress: 50% of clients started
progress: 56% of clients started
progress: 62% of clients started
progress: 68% of clients started
progress: 75% of clients started
Warm-up phase is over for thread #1.
Main benchmark duration is started for thread #1.
progress: 81% of clients started
progress: 87% of clients started
progress: 93% of clients started
progress: 100% of clients started
Warm-up phase is over for thread #0.
Main benchmark duration is started for thread #0.
Application protocol: http/1.1
Main benchmark duration is over for thread #0. Stopping all clients.
Stopped all clients for thread #0
Main benchmark duration is over for thread #1. Stopping all clients.
Stopped all clients for thread #1

finished in 22.02s, 2297.86 req/s, 179.52KB/s
requests: 50553 total, 50585 started, 50553 done, 50553 succeeded, 0 failed, 0 errored, 0 timeout
status codes: 50553 2xx, 0 3xx, 0 4xx, 0 5xx
traffic: 3.86MB (4044240) total, 2.31MB (2426544) headers (space savings 0.00%), 246.84KB (252765) data
                     min         max         mean         sd        +/- sd
time for request:       47us      2.51ms       290us       126us    81.52%
time for connect:        3us        94us        44us        27us    56.25%
time to 1st byte:      478us       680us       560us        52us    75.00%
req/s           :    3099.72     4655.23     3699.53      445.84    65.63%
